{
  "Resources": {
    "Vpc8378EB38": {
      "Type": "AWS::EC2::VPC",
      "Properties": {
        "CidrBlock": "10.0.0.0/16",
        "EnableDnsHostnames": true,
        "EnableDnsSupport": true,
        "InstanceTenancy": "default",
        "Tags": [
          {
            "Key": "Name",
            "Value": "aws-ecs-integ/Vpc"
          }
        ]
      }
    },
    "VpcPublicSubnet1Subnet5C2D37C4": {
      "Type": "AWS::EC2::Subnet",
      "Properties": {
        "CidrBlock": "10.0.0.0/18",
        "VpcId": {
          "Ref": "Vpc8378EB38"
        },
        "AvailabilityZone": "test-region-1a",
        "MapPublicIpOnLaunch": true,
        "Tags": [
          {
            "Key": "Name",
            "Value": "aws-ecs-integ/Vpc/PublicSubnet1"
          },
          {
            "Key": "aws-cdk:subnet-name",
            "Value": "Public"
          },
          {
            "Key": "aws-cdk:subnet-type",
            "Value": "Public"
          }
        ]
      }
    },
    "VpcPublicSubnet1RouteTable6C95E38E": {
      "Type": "AWS::EC2::RouteTable",
      "Properties": {
        "VpcId": {
          "Ref": "Vpc8378EB38"
        },
        "Tags": [
          {
            "Key": "Name",
            "Value": "aws-ecs-integ/Vpc/PublicSubnet1"
          }
        ]
      }
    },
    "VpcPublicSubnet1RouteTableAssociation97140677": {
      "Type": "AWS::EC2::SubnetRouteTableAssociation",
      "Properties": {
        "RouteTableId": {
          "Ref": "VpcPublicSubnet1RouteTable6C95E38E"
        },
        "SubnetId": {
          "Ref": "VpcPublicSubnet1Subnet5C2D37C4"
        }
      }
    },
    "VpcPublicSubnet1DefaultRoute3DA9E72A": {
      "Type": "AWS::EC2::Route",
      "Properties": {
        "RouteTableId": {
          "Ref": "VpcPublicSubnet1RouteTable6C95E38E"
        },
        "DestinationCidrBlock": "0.0.0.0/0",
        "GatewayId": {
          "Ref": "VpcIGWD7BA715C"
        }
      },
      "DependsOn": [
        "VpcVPCGWBF912B6E"
      ]
    },
    "VpcPublicSubnet1EIPD7E02669": {
      "Type": "AWS::EC2::EIP",
      "Properties": {
        "Domain": "vpc"
      }
    },
    "VpcPublicSubnet1NATGateway4D7517AA": {
      "Type": "AWS::EC2::NatGateway",
      "Properties": {
        "AllocationId": {
          "Fn::GetAtt": [
            "VpcPublicSubnet1EIPD7E02669",
            "AllocationId"
          ]
        },
        "SubnetId": {
          "Ref": "VpcPublicSubnet1Subnet5C2D37C4"
        },
        "Tags": [
          {
            "Key": "Name",
            "Value": "aws-ecs-integ/Vpc/PublicSubnet1"
          }
        ]
      }
    },
    "VpcPublicSubnet2Subnet691E08A3": {
      "Type": "AWS::EC2::Subnet",
      "Properties": {
        "CidrBlock": "10.0.64.0/18",
        "VpcId": {
          "Ref": "Vpc8378EB38"
        },
        "AvailabilityZone": "test-region-1b",
        "MapPublicIpOnLaunch": true,
        "Tags": [
          {
            "Key": "Name",
            "Value": "aws-ecs-integ/Vpc/PublicSubnet2"
          },
          {
            "Key": "aws-cdk:subnet-name",
            "Value": "Public"
          },
          {
            "Key": "aws-cdk:subnet-type",
            "Value": "Public"
          }
        ]
      }
    },
    "VpcPublicSubnet2RouteTable94F7E489": {
      "Type": "AWS::EC2::RouteTable",
      "Properties": {
        "VpcId": {
          "Ref": "Vpc8378EB38"
        },
        "Tags": [
          {
            "Key": "Name",
            "Value": "aws-ecs-integ/Vpc/PublicSubnet2"
          }
        ]
      }
    },
    "VpcPublicSubnet2RouteTableAssociationDD5762D8": {
      "Type": "AWS::EC2::SubnetRouteTableAssociation",
      "Properties": {
        "RouteTableId": {
          "Ref": "VpcPublicSubnet2RouteTable94F7E489"
        },
        "SubnetId": {
          "Ref": "VpcPublicSubnet2Subnet691E08A3"
        }
      }
    },
    "VpcPublicSubnet2DefaultRoute97F91067": {
      "Type": "AWS::EC2::Route",
      "Properties": {
        "RouteTableId": {
          "Ref": "VpcPublicSubnet2RouteTable94F7E489"
        },
        "DestinationCidrBlock": "0.0.0.0/0",
        "GatewayId": {
          "Ref": "VpcIGWD7BA715C"
        }
      },
      "DependsOn": [
        "VpcVPCGWBF912B6E"
      ]
    },
    "VpcPublicSubnet2EIP3C605A87": {
      "Type": "AWS::EC2::EIP",
      "Properties": {
        "Domain": "vpc"
      }
    },
    "VpcPublicSubnet2NATGateway9182C01D": {
      "Type": "AWS::EC2::NatGateway",
      "Properties": {
        "AllocationId": {
          "Fn::GetAtt": [
            "VpcPublicSubnet2EIP3C605A87",
            "AllocationId"
          ]
        },
        "SubnetId": {
          "Ref": "VpcPublicSubnet2Subnet691E08A3"
        },
        "Tags": [
          {
            "Key": "Name",
            "Value": "aws-ecs-integ/Vpc/PublicSubnet2"
          }
        ]
      }
    },
    "VpcPrivateSubnet1Subnet536B997A": {
      "Type": "AWS::EC2::Subnet",
      "Properties": {
        "CidrBlock": "10.0.128.0/18",
        "VpcId": {
          "Ref": "Vpc8378EB38"
        },
        "AvailabilityZone": "test-region-1a",
        "MapPublicIpOnLaunch": false,
        "Tags": [
          {
            "Key": "Name",
            "Value": "aws-ecs-integ/Vpc/PrivateSubnet1"
          },
          {
            "Key": "aws-cdk:subnet-name",
            "Value": "Private"
          },
          {
            "Key": "aws-cdk:subnet-type",
            "Value": "Private"
          }
        ]
      }
    },
    "VpcPrivateSubnet1RouteTableB2C5B500": {
      "Type": "AWS::EC2::RouteTable",
      "Properties": {
        "VpcId": {
          "Ref": "Vpc8378EB38"
        },
        "Tags": [
          {
            "Key": "Name",
            "Value": "aws-ecs-integ/Vpc/PrivateSubnet1"
          }
        ]
      }
    },
    "VpcPrivateSubnet1RouteTableAssociation70C59FA6": {
      "Type": "AWS::EC2::SubnetRouteTableAssociation",
      "Properties": {
        "RouteTableId": {
          "Ref": "VpcPrivateSubnet1RouteTableB2C5B500"
        },
        "SubnetId": {
          "Ref": "VpcPrivateSubnet1Subnet536B997A"
        }
      }
    },
    "VpcPrivateSubnet1DefaultRouteBE02A9ED": {
      "Type": "AWS::EC2::Route",
      "Properties": {
        "RouteTableId": {
          "Ref": "VpcPrivateSubnet1RouteTableB2C5B500"
        },
        "DestinationCidrBlock": "0.0.0.0/0",
        "NatGatewayId": {
          "Ref": "VpcPublicSubnet1NATGateway4D7517AA"
        }
      }
    },
    "VpcPrivateSubnet2Subnet3788AAA1": {
      "Type": "AWS::EC2::Subnet",
      "Properties": {
        "CidrBlock": "10.0.192.0/18",
        "VpcId": {
          "Ref": "Vpc8378EB38"
        },
        "AvailabilityZone": "test-region-1b",
        "MapPublicIpOnLaunch": false,
        "Tags": [
          {
            "Key": "Name",
            "Value": "aws-ecs-integ/Vpc/PrivateSubnet2"
          },
          {
            "Key": "aws-cdk:subnet-name",
            "Value": "Private"
          },
          {
            "Key": "aws-cdk:subnet-type",
            "Value": "Private"
          }
        ]
      }
    },
    "VpcPrivateSubnet2RouteTableA678073B": {
      "Type": "AWS::EC2::RouteTable",
      "Properties": {
        "VpcId": {
          "Ref": "Vpc8378EB38"
        },
        "Tags": [
          {
            "Key": "Name",
            "Value": "aws-ecs-integ/Vpc/PrivateSubnet2"
          }
        ]
      }
    },
    "VpcPrivateSubnet2RouteTableAssociationA89CAD56": {
      "Type": "AWS::EC2::SubnetRouteTableAssociation",
      "Properties": {
        "RouteTableId": {
          "Ref": "VpcPrivateSubnet2RouteTableA678073B"
        },
        "SubnetId": {
          "Ref": "VpcPrivateSubnet2Subnet3788AAA1"
        }
      }
    },
    "VpcPrivateSubnet2DefaultRoute060D2087": {
      "Type": "AWS::EC2::Route",
      "Properties": {
        "RouteTableId": {
          "Ref": "VpcPrivateSubnet2RouteTableA678073B"
        },
        "DestinationCidrBlock": "0.0.0.0/0",
        "NatGatewayId": {
          "Ref": "VpcPublicSubnet2NATGateway9182C01D"
        }
      }
    },
    "VpcIGWD7BA715C": {
      "Type": "AWS::EC2::InternetGateway",
      "Properties": {
        "Tags": [
          {
            "Key": "Name",
            "Value": "aws-ecs-integ/Vpc"
          }
        ]
      }
    },
    "VpcVPCGWBF912B6E": {
      "Type": "AWS::EC2::VPCGatewayAttachment",
      "Properties": {
        "VpcId": {
          "Ref": "Vpc8378EB38"
        },
        "InternetGatewayId": {
          "Ref": "VpcIGWD7BA715C"
        }
      }
    },
    "FargateCluster7CCD5F93": {
      "Type": "AWS::ECS::Cluster"
    },
    "TaskDefTaskRole1EDB4A67": {
      "Type": "AWS::IAM::Role",
      "Properties": {
        "AssumeRolePolicyDocument": {
          "Statement": [
            {
              "Action": "sts:AssumeRole",
              "Effect": "Allow",
              "Principal": {
                "Service": {
                  "Fn::Join": [
                    "",
                    [
                      "ecs-tasks.",
                      {
                        "Ref": "AWS::URLSuffix"
                      }
                    ]
                  ]
                }
              }
            }
          ],
          "Version": "2012-10-17"
        }
      }
    },
    "TaskDef54694570": {
      "Type": "AWS::ECS::TaskDefinition",
      "Properties": {
        "ContainerDefinitions": [
          {
            "Essential": true,
            "Image": {
              "Fn::Join": [
                "",
                [
                  {
                    "Fn::Select": [
                      4,
                      {
                        "Fn::Split": [
                          ":",
                          {
                            "Fn::Join": [
                              "",
                              [
                                "arn:",
                                {
                                  "Ref": "AWS::Partition"
                                },
                                ":ecr:",
                                {
                                  "Ref": "AWS::Region"
                                },
                                ":",
                                {
                                  "Ref": "AWS::AccountId"
                                },
                                ":repository/",
                                {
                                  "Fn::GetAtt": [
                                    "ImageAdoptRepositoryE1E84E35",
                                    "RepositoryName"
                                  ]
                                }
                              ]
                            ]
                          }
                        ]
                      }
                    ]
                  },
                  ".dkr.ecr.",
                  {
                    "Fn::Select": [
                      3,
                      {
                        "Fn::Split": [
                          ":",
                          {
                            "Fn::Join": [
                              "",
                              [
                                "arn:",
                                {
                                  "Ref": "AWS::Partition"
                                },
                                ":ecr:",
                                {
                                  "Ref": "AWS::Region"
                                },
                                ":",
                                {
                                  "Ref": "AWS::AccountId"
                                },
                                ":repository/",
                                {
                                  "Fn::GetAtt": [
                                    "ImageAdoptRepositoryE1E84E35",
                                    "RepositoryName"
                                  ]
                                }
                              ]
                            ]
                          }
                        ]
                      }
                    ]
                  },
                  ".amazonaws.com/",
                  {
                    "Fn::GetAtt": [
                      "ImageAdoptRepositoryE1E84E35",
                      "RepositoryName"
                    ]
                  },
                  "@sha256:",
                  {
                    "Fn::Select": [
                      1,
                      {
                        "Fn::Split": [
                          "@sha256:",
                          {
                            "Ref": "ImageImageName5E684353"
                          }
                        ]
                      }
                    ]
                  }
                ]
              ]
            },
            "Links": [],
            "MountPoints": [],
            "Name": "web",
            "PortMappings": [
              {
                "ContainerPort": 80,
                "Protocol": "tcp"
              }
            ],
            "Ulimits": [],
            "VolumesFrom": []
          },
          {
            "Essential": false,
            "Image": "amazon/aws-xray-daemon",
            "Links": [],
            "LogConfiguration": {
              "LogDriver": "awslogs",
              "Options": {
                "awslogs-group": {
                  "Ref": "ServiceLoggingLogGroupC3D6A581"
                },
                "awslogs-stream-prefix": "Service",
                "awslogs-region": {
                  "Ref": "AWS::Region"
                }
              }
            },
            "MountPoints": [],
            "Name": "xray",
            "PortMappings": [
              {
                "ContainerPort": 2000,
                "Protocol": "udp"
              }
            ],
            "Ulimits": [],
            "VolumesFrom": []
          }
        ],
        "Cpu": "512",
        "ExecutionRoleArn": "arn:aws:iam::xxxxxxxxxxxx51:role/ecsExecutionRole",
        "Family": "awsecsintegTaskDef6FDFB69A",
        "Memory": "1GB",
        "NetworkMode": "awsvpc",
        "RequiresCompatibilities": [
          "FARGATE"
        ],
        "TaskRoleArn": {
          "Fn::GetAtt": [
            "TaskDefTaskRole1EDB4A67",
            "Arn"
          ]
        },
        "Volumes": []
      }
    },
    "ImageAdoptRepositoryE1E84E35": {
      "Type": "Custom::ECRAdoptedRepository",
      "Properties": {
        "ServiceToken": {
          "Fn::GetAtt": [
            "AdoptEcrRepositorydbc60defc59544bcaa5c28c95d68f62c52BE89E9",
            "Arn"
          ]
        },
        "RepositoryName": {
          "Fn::Select": [
            0,
            {
              "Fn::Split": [
                "@sha256:",
                {
                  "Ref": "ImageImageName5E684353"
                }
              ]
            }
          ]
        },
        "PolicyDocument": {
          "Statement": [
            {
              "Action": [
                "ecr:BatchCheckLayerAvailability",
                "ecr:GetDownloadUrlForLayer",
                "ecr:BatchGetImage"
              ],
              "Effect": "Allow",
              "Principal": {
                "AWS": "arn:aws:iam::xxxxxxxxxxxx51:role/ecsExecutionRole"
              },
              "Resource": {
                "Fn::Join": [
                  "",
                  [
                    "arn:",
                    {
                      "Ref": "AWS::Partition"
                    },
                    ":ecr:",
                    {
                      "Ref": "AWS::Region"
                    },
                    ":",
                    {
                      "Ref": "AWS::AccountId"
                    },
                    ":repository/",
                    {
                      "Fn::GetAtt": [
                        "ImageAdoptRepositoryE1E84E35",
                        "RepositoryName"
                      ]
                    }
                  ]
                ]
              }
            }
          ],
          "Version": "2012-10-17"
        }
      },
      "DependsOn": [
        "AdoptEcrRepositorydbc60defc59544bcaa5c28c95d68f62cServiceRoleDefaultPolicy6BC8737C",
        "AdoptEcrRepositorydbc60defc59544bcaa5c28c95d68f62cServiceRoleD788AA17"
      ]
    },
    "AdoptEcrRepositorydbc60defc59544bcaa5c28c95d68f62cServiceRoleD788AA17": {
      "Type": "AWS::IAM::Role",
      "Properties": {
        "AssumeRolePolicyDocument": {
          "Statement": [
            {
              "Action": "sts:AssumeRole",
              "Effect": "Allow",
              "Principal": {
                "Service": {
                  "Fn::Join": [
                    "",
                    [
                      "lambda.",
                      {
                        "Ref": "AWS::URLSuffix"
                      }
                    ]
                  ]
                }
              }
            }
          ],
          "Version": "2012-10-17"
        },
        "ManagedPolicyArns": [
          {
            "Fn::Join": [
              "",
              [
                "arn:",
                {
                  "Ref": "AWS::Partition"
                },
                ":iam::aws:policy/service-role/AWSLambdaBasicExecutionRole"
              ]
            ]
          }
        ]
      }
    },
    "AdoptEcrRepositorydbc60defc59544bcaa5c28c95d68f62cServiceRoleDefaultPolicy6BC8737C": {
      "Type": "AWS::IAM::Policy",
      "Properties": {
        "PolicyDocument": {
          "Statement": [
            {
              "Action": [
                "ecr:GetRepositoryPolicy",
                "ecr:SetRepositoryPolicy",
                "ecr:DeleteRepository",
                "ecr:ListImages",
                "ecr:BatchDeleteImage"
              ],
              "Effect": "Allow",
              "Resource": {
                "Fn::Join": [
                  "",
                  [
                    "arn:",
                    {
                      "Ref": "AWS::Partition"
                    },
                    ":ecr:",
                    {
                      "Ref": "AWS::Region"
                    },
                    ":",
                    {
                      "Ref": "AWS::AccountId"
                    },
                    ":repository/",
                    {
                      "Fn::Select": [
                        0,
                        {
                          "Fn::Split": [
                            "@sha256:",
                            {
                              "Ref": "ImageImageName5E684353"
                            }
                          ]
                        }
                      ]
                    }
                  ]
                ]
              }
            }
          ],
          "Version": "2012-10-17"
        },
        "PolicyName": "AdoptEcrRepositorydbc60defc59544bcaa5c28c95d68f62cServiceRoleDefaultPolicy6BC8737C",
        "Roles": [
          {
            "Ref": "AdoptEcrRepositorydbc60defc59544bcaa5c28c95d68f62cServiceRoleD788AA17"
          }
        ]
      }
    },
    "AdoptEcrRepositorydbc60defc59544bcaa5c28c95d68f62c52BE89E9": {
      "Type": "AWS::Lambda::Function",
      "Properties": {
        "Code": {
          "S3Bucket": {
            "Ref": "AdoptEcrRepositorydbc60defc59544bcaa5c28c95d68f62cCodeS3Bucket92AB06B6"
          },
          "S3Key": {
            "Fn::Join": [
              "",
              [
                {
                  "Fn::Select": [
                    0,
                    {
                      "Fn::Split": [
                        "||",
                        {
                          "Ref": "AdoptEcrRepositorydbc60defc59544bcaa5c28c95d68f62cCodeS3VersionKey393B7276"
                        }
                      ]
                    }
                  ]
                },
                {
                  "Fn::Select": [
                    1,
                    {
                      "Fn::Split": [
                        "||",
                        {
                          "Ref": "AdoptEcrRepositorydbc60defc59544bcaa5c28c95d68f62cCodeS3VersionKey393B7276"
                        }
                      ]
                    }
                  ]
                }
              ]
            ]
          }
        },
        "Handler": "handler.handler",
        "Role": {
          "Fn::GetAtt": [
            "AdoptEcrRepositorydbc60defc59544bcaa5c28c95d68f62cServiceRoleD788AA17",
            "Arn"
          ]
        },
        "Runtime": "nodejs8.10",
        "Timeout": 300
      },
      "DependsOn": [
        "AdoptEcrRepositorydbc60defc59544bcaa5c28c95d68f62cServiceRoleDefaultPolicy6BC8737C",
        "AdoptEcrRepositorydbc60defc59544bcaa5c28c95d68f62cServiceRoleD788AA17"
      ]
    },
    "ServiceD69D759B": {
      "Type": "AWS::ECS::Service",
      "Properties": {
        "TaskDefinition": {
          "Ref": "TaskDef54694570"
        },
        "Cluster": {
          "Ref": "FargateCluster7CCD5F93"
        },
        "DeploymentConfiguration": {
          "MaximumPercent": 200,
          "MinimumHealthyPercent": 50
        },
        "DesiredCount": 1,
        "LaunchType": "FARGATE",
        "LoadBalancers": [],
        "NetworkConfiguration": {
          "AwsvpcConfiguration": {
            "AssignPublicIp": "DISABLED",
            "SecurityGroups": [
              {
                "Fn::GetAtt": [
                  "ServiceSecurityGroupC96ED6A7",
                  "GroupId"
                ]
              }
            ],
            "Subnets": [
              {
                "Ref": "VpcPrivateSubnet1Subnet536B997A"
              },
              {
                "Ref": "VpcPrivateSubnet2Subnet3788AAA1"
              }
            ]
          }
        },
        "ServiceRegistries": []
      }
    },
    "ServiceSecurityGroupC96ED6A7": {
      "Type": "AWS::EC2::SecurityGroup",
      "Properties": {
        "GroupDescription": "aws-ecs-integ/Service/SecurityGroup",
        "SecurityGroupEgress": [
          {
            "CidrIp": "0.0.0.0/0",
            "Description": "Allow all outbound traffic by default",
            "IpProtocol": "-1"
          }
        ],
        "SecurityGroupIngress": [],
        "VpcId": {
          "Ref": "Vpc8378EB38"
        }
      }
    },
    "ServiceLoggingLogGroupC3D6A581": {
      "Type": "AWS::Logs::LogGroup",
      "DeletionPolicy": "Retain"
    }
  },
  "Parameters": {
    "ImageImageName5E684353": {
      "Type": "String",
      "Description": "ECR repository name and tag asset \"aws-ecs-integ/Image\""
    },
    "AdoptEcrRepositorydbc60defc59544bcaa5c28c95d68f62cCodeS3Bucket92AB06B6": {
      "Type": "String",
      "Description": "S3 bucket for asset \"aws-ecs-integ/AdoptEcrRepositorydbc60defc59544bcaa5c28c95d68f62c/Code\""
    },
    "AdoptEcrRepositorydbc60defc59544bcaa5c28c95d68f62cCodeS3VersionKey393B7276": {
      "Type": "String",
      "Description": "S3 key for asset version \"aws-ecs-integ/AdoptEcrRepositorydbc60defc59544bcaa5c28c95d68f62c/Code\""
    },
    "AdoptEcrRepositorydbc60defc59544bcaa5c28c95d68f62cCodeArtifactHash8BCBAA49": {
      "Type": "String",
      "Description": "Artifact hash for asset \"aws-ecs-integ/AdoptEcrRepositorydbc60defc59544bcaa5c28c95d68f62c/Code\""
    }
  }
}
